<?xml version="1.0"?>
<link_info>
   <banner>MSP430 Linker PC v4.4.5</banner>
   <copyright>Copyright (c) 2003-2015 Texas Instruments Incorporated</copyright>
   <link_time>0x56d7ead4</link_time>
   <link_errors>0x0</link_errors>
   <output_file>FreeModbus.out</output_file>
   <entry_point>
      <name>_c_int00_noargs_noexit_mpu</name>
      <address>0x4426</address>
   </entry_point>
   <input_file_list>
      <input_file id="fl-2">
         <path>.\</path>
         <kind>object</kind>
         <file>msp430fr59xx_euscia0_uart_01.obj</file>
         <name>msp430fr59xx_euscia0_uart_01.obj</name>
      </input_file>
      <input_file id="fl-3">
         <path>.\port\</path>
         <kind>object</kind>
         <file>portevent.obj</file>
         <name>portevent.obj</name>
      </input_file>
      <input_file id="fl-4">
         <path>.\port\</path>
         <kind>object</kind>
         <file>portserial.obj</file>
         <name>portserial.obj</name>
      </input_file>
      <input_file id="fl-5">
         <path>.\port\</path>
         <kind>object</kind>
         <file>porttimer.obj</file>
         <name>porttimer.obj</name>
      </input_file>
      <input_file id="fl-6">
         <path>.\modbus\rtu\</path>
         <kind>object</kind>
         <file>mbcrc.obj</file>
         <name>mbcrc.obj</name>
      </input_file>
      <input_file id="fl-7">
         <path>.\modbus\rtu\</path>
         <kind>object</kind>
         <file>mbrtu.obj</file>
         <name>mbrtu.obj</name>
      </input_file>
      <input_file id="fl-8">
         <path>.\modbus\</path>
         <kind>object</kind>
         <file>mb.obj</file>
         <name>mb.obj</name>
      </input_file>
      <input_file id="fl-9">
         <path>.\modbus\functions\</path>
         <kind>object</kind>
         <file>mbfunccoils.obj</file>
         <name>mbfunccoils.obj</name>
      </input_file>
      <input_file id="fl-a">
         <path>.\modbus\functions\</path>
         <kind>object</kind>
         <file>mbfuncdiag.obj</file>
         <name>mbfuncdiag.obj</name>
      </input_file>
      <input_file id="fl-b">
         <path>.\modbus\functions\</path>
         <kind>object</kind>
         <file>mbfuncdisc.obj</file>
         <name>mbfuncdisc.obj</name>
      </input_file>
      <input_file id="fl-c">
         <path>.\modbus\functions\</path>
         <kind>object</kind>
         <file>mbfuncholding.obj</file>
         <name>mbfuncholding.obj</name>
      </input_file>
      <input_file id="fl-d">
         <path>.\modbus\functions\</path>
         <kind>object</kind>
         <file>mbfuncinput.obj</file>
         <name>mbfuncinput.obj</name>
      </input_file>
      <input_file id="fl-e">
         <path>.\modbus\functions\</path>
         <kind>object</kind>
         <file>mbfuncother.obj</file>
         <name>mbfuncother.obj</name>
      </input_file>
      <input_file id="fl-f">
         <path>.\modbus\functions\</path>
         <kind>object</kind>
         <file>mbutils.obj</file>
         <name>mbutils.obj</name>
      </input_file>
      <input_file id="fl-4a">
         <path>D:\ti\ccsv6\tools\compiler\ti-cgt-msp430_4.4.5\lib\</path>
         <kind>archive</kind>
         <file>rts430x_lc_rd_eabi.lib</file>
         <name>copy_decompress_none.obj</name>
      </input_file>
      <input_file id="fl-4b">
         <path>D:\ti\ccsv6\tools\compiler\ti-cgt-msp430_4.4.5\lib\</path>
         <kind>archive</kind>
         <file>rts430x_lc_rd_eabi.lib</file>
         <name>copy_decompress_rle.obj</name>
      </input_file>
      <input_file id="fl-4c">
         <path>D:\ti\ccsv6\tools\compiler\ti-cgt-msp430_4.4.5\lib\</path>
         <kind>archive</kind>
         <file>rts430x_lc_rd_eabi.lib</file>
         <name>int30.obj</name>
      </input_file>
      <input_file id="fl-4d">
         <path>D:\ti\ccsv6\tools\compiler\ti-cgt-msp430_4.4.5\lib\</path>
         <kind>archive</kind>
         <file>rts430x_lc_rd_eabi.lib</file>
         <name>isr_trap.obj</name>
      </input_file>
      <input_file id="fl-4e">
         <path>D:\ti\ccsv6\tools\compiler\ti-cgt-msp430_4.4.5\lib\</path>
         <kind>archive</kind>
         <file>rts430x_lc_rd_eabi.lib</file>
         <name>int31.obj</name>
      </input_file>
      <input_file id="fl-4f">
         <path>D:\ti\ccsv6\tools\compiler\ti-cgt-msp430_4.4.5\lib\</path>
         <kind>archive</kind>
         <file>rts430x_lc_rd_eabi.lib</file>
         <name>int32.obj</name>
      </input_file>
      <input_file id="fl-50">
         <path>D:\ti\ccsv6\tools\compiler\ti-cgt-msp430_4.4.5\lib\</path>
         <kind>archive</kind>
         <file>rts430x_lc_rd_eabi.lib</file>
         <name>int33.obj</name>
      </input_file>
      <input_file id="fl-51">
         <path>D:\ti\ccsv6\tools\compiler\ti-cgt-msp430_4.4.5\lib\</path>
         <kind>archive</kind>
         <file>rts430x_lc_rd_eabi.lib</file>
         <name>int34.obj</name>
      </input_file>
      <input_file id="fl-52">
         <path>D:\ti\ccsv6\tools\compiler\ti-cgt-msp430_4.4.5\lib\</path>
         <kind>archive</kind>
         <file>rts430x_lc_rd_eabi.lib</file>
         <name>int35.obj</name>
      </input_file>
      <input_file id="fl-53">
         <path>D:\ti\ccsv6\tools\compiler\ti-cgt-msp430_4.4.5\lib\</path>
         <kind>archive</kind>
         <file>rts430x_lc_rd_eabi.lib</file>
         <name>int36.obj</name>
      </input_file>
      <input_file id="fl-54">
         <path>D:\ti\ccsv6\tools\compiler\ti-cgt-msp430_4.4.5\lib\</path>
         <kind>archive</kind>
         <file>rts430x_lc_rd_eabi.lib</file>
         <name>int37.obj</name>
      </input_file>
      <input_file id="fl-55">
         <path>D:\ti\ccsv6\tools\compiler\ti-cgt-msp430_4.4.5\lib\</path>
         <kind>archive</kind>
         <file>rts430x_lc_rd_eabi.lib</file>
         <name>int38.obj</name>
      </input_file>
      <input_file id="fl-56">
         <path>D:\ti\ccsv6\tools\compiler\ti-cgt-msp430_4.4.5\lib\</path>
         <kind>archive</kind>
         <file>rts430x_lc_rd_eabi.lib</file>
         <name>int39.obj</name>
      </input_file>
      <input_file id="fl-57">
         <path>D:\ti\ccsv6\tools\compiler\ti-cgt-msp430_4.4.5\lib\</path>
         <kind>archive</kind>
         <file>rts430x_lc_rd_eabi.lib</file>
         <name>int40.obj</name>
      </input_file>
      <input_file id="fl-58">
         <path>D:\ti\ccsv6\tools\compiler\ti-cgt-msp430_4.4.5\lib\</path>
         <kind>archive</kind>
         <file>rts430x_lc_rd_eabi.lib</file>
         <name>int41.obj</name>
      </input_file>
      <input_file id="fl-59">
         <path>D:\ti\ccsv6\tools\compiler\ti-cgt-msp430_4.4.5\lib\</path>
         <kind>archive</kind>
         <file>rts430x_lc_rd_eabi.lib</file>
         <name>int42.obj</name>
      </input_file>
      <input_file id="fl-5a">
         <path>D:\ti\ccsv6\tools\compiler\ti-cgt-msp430_4.4.5\lib\</path>
         <kind>archive</kind>
         <file>rts430x_lc_rd_eabi.lib</file>
         <name>int43.obj</name>
      </input_file>
      <input_file id="fl-5b">
         <path>D:\ti\ccsv6\tools\compiler\ti-cgt-msp430_4.4.5\lib\</path>
         <kind>archive</kind>
         <file>rts430x_lc_rd_eabi.lib</file>
         <name>int44.obj</name>
      </input_file>
      <input_file id="fl-5c">
         <path>D:\ti\ccsv6\tools\compiler\ti-cgt-msp430_4.4.5\lib\</path>
         <kind>archive</kind>
         <file>rts430x_lc_rd_eabi.lib</file>
         <name>int46.obj</name>
      </input_file>
      <input_file id="fl-5d">
         <path>D:\ti\ccsv6\tools\compiler\ti-cgt-msp430_4.4.5\lib\</path>
         <kind>archive</kind>
         <file>rts430x_lc_rd_eabi.lib</file>
         <name>int47.obj</name>
      </input_file>
      <input_file id="fl-5e">
         <path>D:\ti\ccsv6\tools\compiler\ti-cgt-msp430_4.4.5\lib\</path>
         <kind>archive</kind>
         <file>rts430x_lc_rd_eabi.lib</file>
         <name>int49.obj</name>
      </input_file>
      <input_file id="fl-5f">
         <path>D:\ti\ccsv6\tools\compiler\ti-cgt-msp430_4.4.5\lib\</path>
         <kind>archive</kind>
         <file>rts430x_lc_rd_eabi.lib</file>
         <name>int50.obj</name>
      </input_file>
      <input_file id="fl-60">
         <path>D:\ti\ccsv6\tools\compiler\ti-cgt-msp430_4.4.5\lib\</path>
         <kind>archive</kind>
         <file>rts430x_lc_rd_eabi.lib</file>
         <name>int51.obj</name>
      </input_file>
      <input_file id="fl-61">
         <path>D:\ti\ccsv6\tools\compiler\ti-cgt-msp430_4.4.5\lib\</path>
         <kind>archive</kind>
         <file>rts430x_lc_rd_eabi.lib</file>
         <name>int52.obj</name>
      </input_file>
      <input_file id="fl-62">
         <path>D:\ti\ccsv6\tools\compiler\ti-cgt-msp430_4.4.5\lib\</path>
         <kind>archive</kind>
         <file>rts430x_lc_rd_eabi.lib</file>
         <name>int53.obj</name>
      </input_file>
      <input_file id="fl-63">
         <path>D:\ti\ccsv6\tools\compiler\ti-cgt-msp430_4.4.5\lib\</path>
         <kind>archive</kind>
         <file>rts430x_lc_rd_eabi.lib</file>
         <name>int54.obj</name>
      </input_file>
      <input_file id="fl-64">
         <path>D:\ti\ccsv6\tools\compiler\ti-cgt-msp430_4.4.5\lib\</path>
         <kind>archive</kind>
         <file>rts430x_lc_rd_eabi.lib</file>
         <name>copy_zero_init.obj</name>
      </input_file>
      <input_file id="fl-65">
         <path>D:\ti\ccsv6\tools\compiler\ti-cgt-msp430_4.4.5\lib\</path>
         <kind>archive</kind>
         <file>rts430x_lc_rd_eabi.lib</file>
         <name>div32u.obj</name>
      </input_file>
      <input_file id="fl-66">
         <path>D:\ti\ccsv6\tools\compiler\ti-cgt-msp430_4.4.5\lib\</path>
         <kind>archive</kind>
         <file>rts430x_lc_rd_eabi.lib</file>
         <name>mult16.obj</name>
      </input_file>
      <input_file id="fl-67">
         <path>D:\ti\ccsv6\tools\compiler\ti-cgt-msp430_4.4.5\lib\</path>
         <kind>archive</kind>
         <file>rts430x_lc_rd_eabi.lib</file>
         <name>mult16_f5hw.obj</name>
      </input_file>
      <input_file id="fl-68">
         <path>D:\ti\ccsv6\tools\compiler\ti-cgt-msp430_4.4.5\lib\</path>
         <kind>archive</kind>
         <file>rts430x_lc_rd_eabi.lib</file>
         <name>mult32_f5hw.obj</name>
      </input_file>
      <input_file id="fl-69">
         <path>D:\ti\ccsv6\tools\compiler\ti-cgt-msp430_4.4.5\lib\</path>
         <kind>archive</kind>
         <file>rts430x_lc_rd_eabi.lib</file>
         <name>mult64_f5hw.obj</name>
      </input_file>
      <input_file id="fl-6a">
         <path>D:\ti\ccsv6\tools\compiler\ti-cgt-msp430_4.4.5\lib\</path>
         <kind>archive</kind>
         <file>rts430x_lc_rd_eabi.lib</file>
         <name>mult1632_f5hw.obj</name>
      </input_file>
      <input_file id="fl-6b">
         <path>D:\ti\ccsv6\tools\compiler\ti-cgt-msp430_4.4.5\lib\</path>
         <kind>archive</kind>
         <file>rts430x_lc_rd_eabi.lib</file>
         <name>mult3264_f5hw.obj</name>
      </input_file>
      <input_file id="fl-6c">
         <path>D:\ti\ccsv6\tools\compiler\ti-cgt-msp430_4.4.5\lib\</path>
         <kind>archive</kind>
         <file>rts430x_lc_rd_eabi.lib</file>
         <name>lsl16.obj</name>
      </input_file>
      <input_file id="fl-6d">
         <path>D:\ti\ccsv6\tools\compiler\ti-cgt-msp430_4.4.5\lib\</path>
         <kind>archive</kind>
         <file>rts430x_lc_rd_eabi.lib</file>
         <name>lsl32.obj</name>
      </input_file>
      <input_file id="fl-6e">
         <path>D:\ti\ccsv6\tools\compiler\ti-cgt-msp430_4.4.5\lib\</path>
         <kind>archive</kind>
         <file>rts430x_lc_rd_eabi.lib</file>
         <name>lsr16.obj</name>
      </input_file>
      <input_file id="fl-6f">
         <path>D:\ti\ccsv6\tools\compiler\ti-cgt-msp430_4.4.5\lib\</path>
         <kind>archive</kind>
         <file>rts430x_lc_rd_eabi.lib</file>
         <name>boot.obj</name>
      </input_file>
      <input_file id="fl-70">
         <path>D:\ti\ccsv6\tools\compiler\ti-cgt-msp430_4.4.5\lib\</path>
         <kind>archive</kind>
         <file>rts430x_lc_rd_eabi.lib</file>
         <name>args_main.obj</name>
      </input_file>
      <input_file id="fl-71">
         <path>D:\ti\ccsv6\tools\compiler\ti-cgt-msp430_4.4.5\lib\</path>
         <kind>archive</kind>
         <file>rts430x_lc_rd_eabi.lib</file>
         <name>autoinit_wdt.obj</name>
      </input_file>
      <input_file id="fl-72">
         <path>D:\ti\ccsv6\tools\compiler\ti-cgt-msp430_4.4.5\lib\</path>
         <kind>archive</kind>
         <file>rts430x_lc_rd_eabi.lib</file>
         <name>boot_special.obj</name>
      </input_file>
      <input_file id="fl-73">
         <path>D:\ti\ccsv6\ccs_base\msp430\lib\FR59xx\</path>
         <kind>archive</kind>
         <file>MSPMPU_INIT_LIB_CCS_msp430_large_code_restricted_data.lib</file>
         <name>mpu_init.o</name>
      </input_file>
      <input_file id="fl-74">
         <path>D:\ti\ccsv6\tools\compiler\ti-cgt-msp430_4.4.5\lib\</path>
         <kind>archive</kind>
         <file>rts430x_lc_rd_eabi.lib</file>
         <name>pre_init.obj</name>
      </input_file>
      <input_file id="fl-75">
         <path>D:\ti\ccsv6\tools\compiler\ti-cgt-msp430_4.4.5\lib\</path>
         <kind>archive</kind>
         <file>rts430x_lc_rd_eabi.lib</file>
         <name>exit.obj</name>
      </input_file>
      <input_file id="fl-76">
         <path>D:\ti\ccsv6\tools\compiler\ti-cgt-msp430_4.4.5\lib\</path>
         <kind>archive</kind>
         <file>rts430x_lc_rd_eabi.lib</file>
         <name>exit_gvars.obj</name>
      </input_file>
      <input_file id="fl-77">
         <path>D:\ti\ccsv6\tools\compiler\ti-cgt-msp430_4.4.5\lib\</path>
         <kind>archive</kind>
         <file>rts430x_lc_rd_eabi.lib</file>
         <name>_lock.obj</name>
      </input_file>
      <input_file id="fl-78">
         <path>D:\ti\ccsv6\tools\compiler\ti-cgt-msp430_4.4.5\lib\</path>
         <kind>archive</kind>
         <file>rts430x_lc_rd_eabi.lib</file>
         <name>memcpy.obj</name>
      </input_file>
   </input_file_list>
   <object_component_list>
      <object_component id="oc-3dd">
         <name>.cinit..data.load</name>
         <load_address>0x4654</load_address>
         <run_address>0x4654</run_address>
         <size>0x6f</size>
      </object_component>
      <object_component id="oc-3da">
         <name>__TI_handler_table</name>
         <load_address>0x46c4</load_address>
         <run_address>0x46c4</run_address>
         <size>0xc</size>
      </object_component>
      <object_component id="oc-3dc">
         <name>.cinit..bss.load</name>
         <load_address>0x46d0</load_address>
         <run_address>0x46d0</run_address>
         <size>0x6</size>
      </object_component>
      <object_component id="oc-3db">
         <name>__TI_cinit_table</name>
         <load_address>0x46d6</load_address>
         <run_address>0x46d6</run_address>
         <size>0x10</size>
      </object_component>
      <object_component id="oc-2e4">
         <name>.const:.string:aucCRCHi</name>
         <load_address>0x4454</load_address>
         <run_address>0x4454</run_address>
         <size>0x100</size>
         <input_file_ref idref="fl-6"/>
      </object_component>
      <object_component id="oc-2e7">
         <name>.const:.string:aucCRCLo</name>
         <load_address>0x4554</load_address>
         <run_address>0x4554</run_address>
         <size>0x100</size>
         <input_file_ref idref="fl-6"/>
      </object_component>
      <object_component id="oc-102">
         <name>.text:_isr:USCI_A0_ISR</name>
         <load_address>0x4400</load_address>
         <run_address>0x4400</run_address>
         <size>0x26</size>
         <input_file_ref idref="fl-4"/>
      </object_component>
      <object_component id="oc-bb">
         <name>.text:_isr:_c_int00_noargs_noexit_mpu</name>
         <load_address>0x4426</load_address>
         <run_address>0x4426</run_address>
         <size>0x1e</size>
         <input_file_ref idref="fl-72"/>
      </object_component>
      <object_component id="oc-fc">
         <name>.text:_isr:prvvMBTimerIRQHandler</name>
         <load_address>0x4444</load_address>
         <run_address>0x4444</run_address>
         <size>0xa</size>
         <input_file_ref idref="fl-5"/>
      </object_component>
      <object_component id="oc-f7">
         <name>.text:_isr:__TI_ISR_TRAP</name>
         <load_address>0x444e</load_address>
         <run_address>0x444e</run_address>
         <size>0x6</size>
         <input_file_ref idref="fl-4d"/>
      </object_component>
      <object_component id="oc-18a">
         <name>.text:eMBPoll</name>
         <load_address>0x10000</load_address>
         <run_address>0x10000</run_address>
         <size>0x106</size>
         <input_file_ref idref="fl-8"/>
      </object_component>
      <object_component id="oc-2ad">
         <name>.text:eMBFuncReadWriteMultipleHoldingRegister</name>
         <load_address>0x10106</load_address>
         <run_address>0x10106</run_address>
         <size>0xc4</size>
         <input_file_ref idref="fl-c"/>
      </object_component>
      <object_component id="oc-17e">
         <name>.text:eMBInit</name>
         <load_address>0x101ca</load_address>
         <run_address>0x101ca</run_address>
         <size>0x9a</size>
         <input_file_ref idref="fl-8"/>
      </object_component>
      <object_component id="oc-2b3">
         <name>.text:eMBFuncReadCoils</name>
         <load_address>0x10264</load_address>
         <run_address>0x10264</run_address>
         <size>0x8c</size>
         <input_file_ref idref="fl-9"/>
      </object_component>
      <object_component id="oc-2c5">
         <name>.text:eMBFuncReadDiscreteInputs</name>
         <load_address>0x102f0</load_address>
         <run_address>0x102f0</run_address>
         <size>0x8a</size>
         <input_file_ref idref="fl-b"/>
      </object_component>
      <object_component id="oc-295">
         <name>.text:eMBFuncReadInputRegister</name>
         <load_address>0x1037a</load_address>
         <run_address>0x1037a</run_address>
         <size>0x7c</size>
         <input_file_ref idref="fl-d"/>
      </object_component>
      <object_component id="oc-2bf">
         <name>.text:eMBFuncWriteMultipleCoils</name>
         <load_address>0x103f6</load_address>
         <run_address>0x103f6</run_address>
         <size>0x7c</size>
         <input_file_ref idref="fl-9"/>
      </object_component>
      <object_component id="oc-29b">
         <name>.text:eMBFuncReadHoldingRegister</name>
         <load_address>0x10472</load_address>
         <run_address>0x10472</run_address>
         <size>0x78</size>
         <input_file_ref idref="fl-c"/>
      </object_component>
      <object_component id="oc-1ed">
         <name>.text:xMBRTUReceiveFSM</name>
         <load_address>0x104ea</load_address>
         <run_address>0x104ea</run_address>
         <size>0x78</size>
         <input_file_ref idref="fl-7"/>
      </object_component>
      <object_component id="oc-1de">
         <name>.text:eMBRTUSend</name>
         <load_address>0x10562</load_address>
         <run_address>0x10562</run_address>
         <size>0x72</size>
         <input_file_ref idref="fl-7"/>
      </object_component>
      <object_component id="oc-30c">
         <name>.text:eMBRegHoldingCB</name>
         <load_address>0x105d4</load_address>
         <run_address>0x105d4</run_address>
         <size>0x72</size>
         <input_file_ref idref="fl-2"/>
      </object_component>
      <object_component id="oc-26f">
         <name>.text:xMBPortSerialInit</name>
         <load_address>0x10646</load_address>
         <run_address>0x10646</run_address>
         <size>0x72</size>
         <input_file_ref idref="fl-4"/>
      </object_component>
      <object_component id="oc-115">
         <name>.text:_auto_init_hold_wdt</name>
         <load_address>0x106b8</load_address>
         <run_address>0x106b8</run_address>
         <size>0x6c</size>
         <input_file_ref idref="fl-71"/>
      </object_component>
      <object_component id="oc-2a1">
         <name>.text:eMBFuncWriteMultipleHoldingRegister</name>
         <load_address>0x10724</load_address>
         <run_address>0x10724</run_address>
         <size>0x6c</size>
         <input_file_ref idref="fl-c"/>
      </object_component>
      <object_component id="oc-1ff">
         <name>.text:eMBRTUInit</name>
         <load_address>0x10790</load_address>
         <run_address>0x10790</run_address>
         <size>0x6a</size>
         <input_file_ref idref="fl-7"/>
      </object_component>
      <object_component id="oc-ea">
         <name>.text:__TI_decompress_rle_core</name>
         <load_address>0x107fa</load_address>
         <run_address>0x107fa</run_address>
         <size>0x68</size>
         <input_file_ref idref="fl-4b"/>
      </object_component>
      <object_component id="oc-2b9">
         <name>.text:eMBFuncWriteCoil</name>
         <load_address>0x10862</load_address>
         <run_address>0x10862</run_address>
         <size>0x68</size>
         <input_file_ref idref="fl-9"/>
      </object_component>
      <object_component id="oc-317">
         <name>.text:eMBRegCoilsCB</name>
         <load_address>0x108ca</load_address>
         <run_address>0x108ca</run_address>
         <size>0x62</size>
         <input_file_ref idref="fl-2"/>
      </object_component>
      <object_component id="oc-12f">
         <name>.text:main</name>
         <load_address>0x1092c</load_address>
         <run_address>0x1092c</run_address>
         <size>0x5c</size>
         <input_file_ref idref="fl-2"/>
      </object_component>
      <object_component id="oc-275">
         <name>.text</name>
         <load_address>0x10988</load_address>
         <run_address>0x10988</run_address>
         <size>0x58</size>
         <input_file_ref idref="fl-65"/>
      </object_component>
      <object_component id="oc-1f3">
         <name>.text:xMBRTUTransmitFSM</name>
         <load_address>0x109e0</load_address>
         <run_address>0x109e0</run_address>
         <size>0x52</size>
         <input_file_ref idref="fl-7"/>
      </object_component>
      <object_component id="oc-1e5">
         <name>.text:eMBRTUReceive</name>
         <load_address>0x10a32</load_address>
         <run_address>0x10a32</run_address>
         <size>0x4e</size>
         <input_file_ref idref="fl-7"/>
      </object_component>
      <object_component id="oc-27a">
         <name>.text:xMBPortTimersInit</name>
         <load_address>0x10a80</load_address>
         <run_address>0x10a80</run_address>
         <size>0x48</size>
         <input_file_ref idref="fl-5"/>
      </object_component>
      <object_component id="oc-34e">
         <name>.text:xMBUtilGetBits</name>
         <load_address>0x10ac8</load_address>
         <run_address>0x10ac8</run_address>
         <size>0x46</size>
         <input_file_ref idref="fl-f"/>
      </object_component>
      <object_component id="oc-2fe">
         <name>.text:eMBRegInputCB</name>
         <load_address>0x10b0e</load_address>
         <run_address>0x10b0e</run_address>
         <size>0x42</size>
         <input_file_ref idref="fl-2"/>
      </object_component>
      <object_component id="oc-2f1">
         <name>.text:l_lsl_const</name>
         <load_address>0x10b50</load_address>
         <run_address>0x10b50</run_address>
         <size>0x3e</size>
         <input_file_ref idref="fl-6d"/>
      </object_component>
      <object_component id="oc-2a7">
         <name>.text:eMBFuncWriteHoldingRegister</name>
         <load_address>0x10b8e</load_address>
         <run_address>0x10b8e</run_address>
         <size>0x3c</size>
         <input_file_ref idref="fl-c"/>
      </object_component>
      <object_component id="oc-321">
         <name>.text:eMBRegDiscreteCB</name>
         <load_address>0x10bca</load_address>
         <run_address>0x10bca</run_address>
         <size>0x36</size>
         <input_file_ref idref="fl-2"/>
      </object_component>
      <object_component id="oc-239">
         <name>.text:vMBPortSerialEnable</name>
         <load_address>0x10c00</load_address>
         <run_address>0x10c00</run_address>
         <size>0x32</size>
         <input_file_ref idref="fl-4"/>
      </object_component>
      <object_component id="oc-1f9">
         <name>.text:xMBRTUTimerT35Expired</name>
         <load_address>0x10c32</load_address>
         <run_address>0x10c32</run_address>
         <size>0x30</size>
         <input_file_ref idref="fl-7"/>
      </object_component>
      <object_component id="oc-255">
         <name>.text:usMBCRC16</name>
         <load_address>0x10c62</load_address>
         <run_address>0x10c62</run_address>
         <size>0x2c</size>
         <input_file_ref idref="fl-6"/>
      </object_component>
      <object_component id="oc-128">
         <name>.text:__mpu_init</name>
         <load_address>0x10c8e</load_address>
         <run_address>0x10c8e</run_address>
         <size>0x28</size>
         <input_file_ref idref="fl-73"/>
      </object_component>
      <object_component id="oc-97">
         <name>.text:decompress:ZI:__TI_zero_init</name>
         <load_address>0x10cb6</load_address>
         <run_address>0x10cb6</run_address>
         <size>0x24</size>
         <input_file_ref idref="fl-64"/>
      </object_component>
      <object_component id="oc-28f">
         <name>.text:eMBFuncReportSlaveID</name>
         <load_address>0x10cda</load_address>
         <run_address>0x10cda</run_address>
         <size>0x24</size>
         <input_file_ref idref="fl-e"/>
      </object_component>
      <object_component id="oc-304">
         <name>.text:prveMBError2Exception</name>
         <load_address>0x10cfe</load_address>
         <run_address>0x10cfe</run_address>
         <size>0x20</size>
         <input_file_ref idref="fl-f"/>
      </object_component>
      <object_component id="oc-184">
         <name>.text:eMBEnable</name>
         <load_address>0x10d1e</load_address>
         <run_address>0x10d1e</run_address>
         <size>0x1e</size>
         <input_file_ref idref="fl-8"/>
      </object_component>
      <object_component id="oc-1d0">
         <name>.text:eMBRTUStart</name>
         <load_address>0x10d3c</load_address>
         <run_address>0x10d3c</run_address>
         <size>0x1a</size>
         <input_file_ref idref="fl-7"/>
      </object_component>
      <object_component id="oc-245">
         <name>.text:ExitCriticalSection</name>
         <load_address>0x10d56</load_address>
         <run_address>0x10d56</run_address>
         <size>0x18</size>
         <input_file_ref idref="fl-4"/>
      </object_component>
      <object_component id="oc-211">
         <name>.text:xMBPortEventGet</name>
         <load_address>0x10d6e</load_address>
         <run_address>0x10d6e</run_address>
         <size>0x18</size>
         <input_file_ref idref="fl-3"/>
      </object_component>
      <object_component id="oc-1d7">
         <name>.text:eMBRTUStop</name>
         <load_address>0x10d86</load_address>
         <run_address>0x10d86</run_address>
         <size>0x16</size>
         <input_file_ref idref="fl-7"/>
      </object_component>
      <object_component id="oc-219">
         <name>.text</name>
         <load_address>0x10d9c</load_address>
         <run_address>0x10d9c</run_address>
         <size>0x16</size>
         <input_file_ref idref="fl-67"/>
      </object_component>
      <object_component id="oc-232">
         <name>.text:EnterCriticalSection</name>
         <load_address>0x10db2</load_address>
         <run_address>0x10db2</run_address>
         <size>0x14</size>
         <input_file_ref idref="fl-4"/>
      </object_component>
      <object_component id="oc-dd">
         <name>.text:memcpy</name>
         <load_address>0x10dc6</load_address>
         <run_address>0x10dc6</run_address>
         <size>0x14</size>
         <input_file_ref idref="fl-78"/>
      </object_component>
      <object_component id="oc-72">
         <name>.text:decompress:none:__TI_decompress_none</name>
         <load_address>0x10dda</load_address>
         <run_address>0x10dda</run_address>
         <size>0x12</size>
         <input_file_ref idref="fl-4a"/>
      </object_component>
      <object_component id="oc-23f">
         <name>.text:vMBPortTimersEnable</name>
         <load_address>0x10dec</load_address>
         <run_address>0x10dec</run_address>
         <size>0x12</size>
         <input_file_ref idref="fl-5"/>
      </object_component>
      <object_component id="oc-24c">
         <name>.text:vMBPortTimersDisable</name>
         <load_address>0x10dfe</load_address>
         <run_address>0x10dfe</run_address>
         <size>0xe</size>
         <input_file_ref idref="fl-5"/>
      </object_component>
      <object_component id="oc-223">
         <name>.text:xMBPortEventPost</name>
         <load_address>0x10e0c</load_address>
         <run_address>0x10e0c</run_address>
         <size>0xc</size>
         <input_file_ref idref="fl-3"/>
      </object_component>
      <object_component id="oc-260">
         <name>.text:xMBPortSerialGetByte</name>
         <load_address>0x10e18</load_address>
         <run_address>0x10e18</run_address>
         <size>0xc</size>
         <input_file_ref idref="fl-4"/>
      </object_component>
      <object_component id="oc-365">
         <name>.text</name>
         <load_address>0x10e24</load_address>
         <run_address>0x10e24</run_address>
         <size>0xa</size>
         <input_file_ref idref="fl-6c"/>
      </object_component>
      <object_component id="oc-36a">
         <name>.text</name>
         <load_address>0x10e2e</load_address>
         <run_address>0x10e2e</run_address>
         <size>0xa</size>
         <input_file_ref idref="fl-6e"/>
      </object_component>
      <object_component id="oc-267">
         <name>.text:xMBPortSerialPutByte</name>
         <load_address>0x10e38</load_address>
         <run_address>0x10e38</run_address>
         <size>0xa</size>
         <input_file_ref idref="fl-4"/>
      </object_component>
      <object_component id="oc-205">
         <name>.text:xMBPortEventInit</name>
         <load_address>0x10e42</load_address>
         <run_address>0x10e42</run_address>
         <size>0x8</size>
         <input_file_ref idref="fl-3"/>
      </object_component>
      <object_component id="oc-78">
         <name>.text:decompress:rle24:__TI_decompress_rle24</name>
         <load_address>0x10e4a</load_address>
         <run_address>0x10e4a</run_address>
         <size>0x6</size>
         <input_file_ref idref="fl-4b"/>
      </object_component>
      <object_component id="oc-10f">
         <name>.text:_system_pre_init</name>
         <load_address>0x10e50</load_address>
         <run_address>0x10e50</run_address>
         <size>0x4</size>
         <input_file_ref idref="fl-74"/>
      </object_component>
      <object_component id="oc-137">
         <name>.text:abort</name>
         <load_address>0x10e54</load_address>
         <run_address>0x10e54</run_address>
         <size>0x4</size>
         <input_file_ref idref="fl-75"/>
      </object_component>
      <object_component id="oc-28c">
         <name>.common:eQueuedEvent</name>
         <uninitialized>true</uninitialized>
         <run_address>0x1d4a</run_address>
         <size>0x2</size>
      </object_component>
      <object_component id="oc-281">
         <name>.common:xEventInQueue</name>
         <uninitialized>true</uninitialized>
         <run_address>0x1d5b</run_address>
         <size>0x1</size>
      </object_component>
      <object_component id="oc-25c">
         <name>.common:eSndState</name>
         <uninitialized>true</uninitialized>
         <run_address>0x1d4e</run_address>
         <size>0x2</size>
      </object_component>
      <object_component id="oc-238">
         <name>.common:eRcvState</name>
         <uninitialized>true</uninitialized>
         <run_address>0x1d4c</run_address>
         <size>0x2</size>
      </object_component>
      <object_component id="oc-253">
         <name>.common:pucSndBufferCur</name>
         <uninitialized>true</uninitialized>
         <run_address>0x1d28</run_address>
         <size>0x4</size>
      </object_component>
      <object_component id="oc-254">
         <name>.common:usSndBufferCount</name>
         <uninitialized>true</uninitialized>
         <run_address>0x1d56</run_address>
         <size>0x2</size>
      </object_component>
      <object_component id="oc-25e">
         <name>.common:usRcvBufferPos</name>
         <uninitialized>true</uninitialized>
         <run_address>0x1d54</run_address>
         <size>0x2</size>
      </object_component>
      <object_component id="oc-25b">
         <name>.common:ucRTUBuf</name>
         <uninitialized>true</uninitialized>
         <run_address>0x1c00</run_address>
         <size>0x100</size>
      </object_component>
      <object_component id="oc-1cf">
         <name>.common:ucMBAddress</name>
         <uninitialized>true</uninitialized>
         <run_address>0x1d59</run_address>
         <size>0x1</size>
      </object_component>
      <object_component id="oc-20b">
         <name>.common:eMBCurrentMode</name>
         <uninitialized>true</uninitialized>
         <run_address>0x1d48</run_address>
         <size>0x2</size>
      </object_component>
      <object_component id="oc-1e4">
         <name>.common:peMBFrameSendCur</name>
         <uninitialized>true</uninitialized>
         <run_address>0x1d24</run_address>
         <size>0x4</size>
      </object_component>
      <object_component id="oc-1d6">
         <name>.common:pvMBFrameStartCur</name>
         <uninitialized>true</uninitialized>
         <run_address>0x1d30</run_address>
         <size>0x4</size>
      </object_component>
      <object_component id="oc-1dd">
         <name>.common:pvMBFrameStopCur</name>
         <uninitialized>true</uninitialized>
         <run_address>0x1d34</run_address>
         <size>0x4</size>
      </object_component>
      <object_component id="oc-1eb">
         <name>.common:peMBFrameReceiveCur</name>
         <uninitialized>true</uninitialized>
         <run_address>0x1d20</run_address>
         <size>0x4</size>
      </object_component>
      <object_component id="oc-1ec">
         <name>.common:pvMBFrameCloseCur</name>
         <uninitialized>true</uninitialized>
         <run_address>0x1d2c</run_address>
         <size>0x4</size>
      </object_component>
      <object_component id="oc-217">
         <name>.common:ucMBFrame$1</name>
         <uninitialized>true</uninitialized>
         <run_address>0x1d44</run_address>
         <size>0x4</size>
      </object_component>
      <object_component id="oc-222">
         <name>.common:ucRcvAddress$2</name>
         <uninitialized>true</uninitialized>
         <run_address>0x1d5a</run_address>
         <size>0x1</size>
      </object_component>
      <object_component id="oc-218">
         <name>.common:ucFunctionCode$3</name>
         <uninitialized>true</uninitialized>
         <run_address>0x1d58</run_address>
         <size>0x1</size>
      </object_component>
      <object_component id="oc-221">
         <name>.common:usLength$4</name>
         <uninitialized>true</uninitialized>
         <run_address>0x1d50</run_address>
         <size>0x2</size>
      </object_component>
      <object_component id="oc-161">
         <name>.common:pxMBFrameCBByteReceived</name>
         <uninitialized>true</uninitialized>
         <run_address>0x1d38</run_address>
         <size>0x4</size>
      </object_component>
      <object_component id="oc-160">
         <name>.common:pxMBFrameCBTransmitterEmpty</name>
         <uninitialized>true</uninitialized>
         <run_address>0x1d3c</run_address>
         <size>0x4</size>
      </object_component>
      <object_component id="oc-15c">
         <name>.common:pxMBPortCBTimerExpired</name>
         <uninitialized>true</uninitialized>
         <run_address>0x1d40</run_address>
         <size>0x4</size>
      </object_component>
      <object_component id="oc-2f9">
         <name>.common:ucMBSlaveID</name>
         <uninitialized>true</uninitialized>
         <run_address>0x1d00</run_address>
         <size>0x20</size>
      </object_component>
      <object_component id="oc-2fc">
         <name>.common:usMBSlaveIDLen</name>
         <uninitialized>true</uninitialized>
         <run_address>0x1d52</run_address>
         <size>0x2</size>
      </object_component>
      <object_component id="oc-33e">
         <name>.data:usRegInputBuf</name>
         <load_address>0x1dcc</load_address>
         <run_address>0x1dcc</run_address>
         <size>0x10</size>
         <input_file_ref idref="fl-2"/>
      </object_component>
      <object_component id="oc-33b">
         <name>.data</name>
         <load_address>0x1ddc</load_address>
         <run_address>0x1ddc</run_address>
         <size>0x4</size>
         <input_file_ref idref="fl-2"/>
      </object_component>
      <object_component id="oc-345">
         <name>.data:usRegHoldingBuf</name>
         <load_address>0x1dbc</load_address>
         <run_address>0x1dbc</run_address>
         <size>0x10</size>
         <input_file_ref idref="fl-2"/>
      </object_component>
      <object_component id="oc-34b">
         <name>.data:ucRegCoilsBuf</name>
         <load_address>0x1de4</load_address>
         <run_address>0x1de4</run_address>
         <size>0x2</size>
         <input_file_ref idref="fl-2"/>
      </object_component>
      <object_component id="oc-357">
         <name>.data:ucRegDiscreteBuf</name>
         <load_address>0x1de6</load_address>
         <run_address>0x1de6</run_address>
         <size>0x2</size>
         <input_file_ref idref="fl-2"/>
      </object_component>
      <object_component id="oc-2dc">
         <name>.data</name>
         <load_address>0x1de2</load_address>
         <run_address>0x1de2</run_address>
         <size>0x2</size>
         <input_file_ref idref="fl-4"/>
      </object_component>
      <object_component id="oc-20c">
         <name>.data</name>
         <load_address>0x1de0</load_address>
         <run_address>0x1de0</run_address>
         <size>0x2</size>
         <input_file_ref idref="fl-8"/>
      </object_component>
      <object_component id="oc-21e">
         <name>.data:xFuncHandlers</name>
         <load_address>0x1d5c</load_address>
         <run_address>0x1d5c</run_address>
         <size>0x60</size>
         <input_file_ref idref="fl-8"/>
      </object_component>
      <object_component id="oc-d9">
         <name>.stack</name>
         <uninitialized>true</uninitialized>
         <run_address>0x2360</run_address>
         <size>0x4</size>
         <input_file_ref idref="fl-6f"/>
      </object_component>
      <object_component id="oc-3de">
         <name>.stack</name>
         <uninitialized>true</uninitialized>
         <run_address>0x2360</run_address>
         <size>0x0</size>
      </object_component>
      <object_component id="oc-7e">
         <name>.int30</name>
         <load_address>0xffcc</load_address>
         <run_address>0xffcc</run_address>
         <size>0x2</size>
         <input_file_ref idref="fl-4c"/>
      </object_component>
      <object_component id="oc-7f">
         <name>.int31</name>
         <load_address>0xffce</load_address>
         <run_address>0xffce</run_address>
         <size>0x2</size>
         <input_file_ref idref="fl-4e"/>
      </object_component>
      <object_component id="oc-80">
         <name>.int32</name>
         <load_address>0xffd0</load_address>
         <run_address>0xffd0</run_address>
         <size>0x2</size>
         <input_file_ref idref="fl-4f"/>
      </object_component>
      <object_component id="oc-81">
         <name>.int33</name>
         <load_address>0xffd2</load_address>
         <run_address>0xffd2</run_address>
         <size>0x2</size>
         <input_file_ref idref="fl-50"/>
      </object_component>
      <object_component id="oc-82">
         <name>.int34</name>
         <load_address>0xffd4</load_address>
         <run_address>0xffd4</run_address>
         <size>0x2</size>
         <input_file_ref idref="fl-51"/>
      </object_component>
      <object_component id="oc-83">
         <name>.int35</name>
         <load_address>0xffd6</load_address>
         <run_address>0xffd6</run_address>
         <size>0x2</size>
         <input_file_ref idref="fl-52"/>
      </object_component>
      <object_component id="oc-84">
         <name>.int36</name>
         <load_address>0xffd8</load_address>
         <run_address>0xffd8</run_address>
         <size>0x2</size>
         <input_file_ref idref="fl-53"/>
      </object_component>
      <object_component id="oc-85">
         <name>.int37</name>
         <load_address>0xffda</load_address>
         <run_address>0xffda</run_address>
         <size>0x2</size>
         <input_file_ref idref="fl-54"/>
      </object_component>
      <object_component id="oc-86">
         <name>.int38</name>
         <load_address>0xffdc</load_address>
         <run_address>0xffdc</run_address>
         <size>0x2</size>
         <input_file_ref idref="fl-55"/>
      </object_component>
      <object_component id="oc-87">
         <name>.int39</name>
         <load_address>0xffde</load_address>
         <run_address>0xffde</run_address>
         <size>0x2</size>
         <input_file_ref idref="fl-56"/>
      </object_component>
      <object_component id="oc-88">
         <name>.int40</name>
         <load_address>0xffe0</load_address>
         <run_address>0xffe0</run_address>
         <size>0x2</size>
         <input_file_ref idref="fl-57"/>
      </object_component>
      <object_component id="oc-89">
         <name>.int41</name>
         <load_address>0xffe2</load_address>
         <run_address>0xffe2</run_address>
         <size>0x2</size>
         <input_file_ref idref="fl-58"/>
      </object_component>
      <object_component id="oc-8a">
         <name>.int42</name>
         <load_address>0xffe4</load_address>
         <run_address>0xffe4</run_address>
         <size>0x2</size>
         <input_file_ref idref="fl-59"/>
      </object_component>
      <object_component id="oc-8b">
         <name>.int43</name>
         <load_address>0xffe6</load_address>
         <run_address>0xffe6</run_address>
         <size>0x2</size>
         <input_file_ref idref="fl-5a"/>
      </object_component>
      <object_component id="oc-8c">
         <name>.int44</name>
         <load_address>0xffe8</load_address>
         <run_address>0xffe8</run_address>
         <size>0x2</size>
         <input_file_ref idref="fl-5b"/>
      </object_component>
      <object_component id="oc-8d">
         <name>.int45</name>
         <load_address>0xffea</load_address>
         <run_address>0xffea</run_address>
         <size>0x2</size>
         <input_file_ref idref="fl-5"/>
      </object_component>
      <object_component id="oc-8e">
         <name>.int46</name>
         <load_address>0xffec</load_address>
         <run_address>0xffec</run_address>
         <size>0x2</size>
         <input_file_ref idref="fl-5c"/>
      </object_component>
      <object_component id="oc-8f">
         <name>.int47</name>
         <load_address>0xffee</load_address>
         <run_address>0xffee</run_address>
         <size>0x2</size>
         <input_file_ref idref="fl-5d"/>
      </object_component>
      <object_component id="oc-90">
         <name>.int48</name>
         <load_address>0xfff0</load_address>
         <run_address>0xfff0</run_address>
         <size>0x2</size>
         <input_file_ref idref="fl-4"/>
      </object_component>
      <object_component id="oc-91">
         <name>.int49</name>
         <load_address>0xfff2</load_address>
         <run_address>0xfff2</run_address>
         <size>0x2</size>
         <input_file_ref idref="fl-5e"/>
      </object_component>
      <object_component id="oc-92">
         <name>.int50</name>
         <load_address>0xfff4</load_address>
         <run_address>0xfff4</run_address>
         <size>0x2</size>
         <input_file_ref idref="fl-5f"/>
      </object_component>
      <object_component id="oc-93">
         <name>.int51</name>
         <load_address>0xfff6</load_address>
         <run_address>0xfff6</run_address>
         <size>0x2</size>
         <input_file_ref idref="fl-60"/>
      </object_component>
      <object_component id="oc-94">
         <name>.int52</name>
         <load_address>0xfff8</load_address>
         <run_address>0xfff8</run_address>
         <size>0x2</size>
         <input_file_ref idref="fl-61"/>
      </object_component>
      <object_component id="oc-95">
         <name>.int53</name>
         <load_address>0xfffa</load_address>
         <run_address>0xfffa</run_address>
         <size>0x2</size>
         <input_file_ref idref="fl-62"/>
      </object_component>
      <object_component id="oc-96">
         <name>.int54</name>
         <load_address>0xfffc</load_address>
         <run_address>0xfffc</run_address>
         <size>0x2</size>
         <input_file_ref idref="fl-63"/>
      </object_component>
      <object_component id="oc-dc">
         <name>.reset</name>
         <load_address>0xfffe</load_address>
         <run_address>0xfffe</run_address>
         <size>0x2</size>
         <input_file_ref idref="fl-6f"/>
      </object_component>
      <object_component id="oc-22a">
         <name>.debug_info</name>
         <load_address>0x0</load_address>
         <run_address>0x0</run_address>
         <size>0x34b</size>
         <input_file_ref idref="fl-2"/>
      </object_component>
      <object_component id="oc-33f">
         <name>.debug_info</name>
         <load_address>0x34b</load_address>
         <run_address>0x34b</run_address>
         <size>0xf1</size>
         <input_file_ref idref="fl-2"/>
      </object_component>
      <object_component id="oc-33c">
         <name>.debug_info</name>
         <load_address>0x43c</load_address>
         <run_address>0x43c</run_address>
         <size>0x128</size>
         <input_file_ref idref="fl-2"/>
      </object_component>
      <object_component id="oc-346">
         <name>.debug_info</name>
         <load_address>0x564</load_address>
         <run_address>0x564</run_address>
         <size>0xf5</size>
         <input_file_ref idref="fl-2"/>
      </object_component>
      <object_component id="oc-34c">
         <name>.debug_info</name>
         <load_address>0x659</load_address>
         <run_address>0x659</run_address>
         <size>0xf1</size>
         <input_file_ref idref="fl-2"/>
      </object_component>
      <object_component id="oc-358">
         <name>.debug_info</name>
         <load_address>0x74a</load_address>
         <run_address>0x74a</run_address>
         <size>0xf7</size>
         <input_file_ref idref="fl-2"/>
      </object_component>
      <object_component id="oc-130">
         <name>.debug_info</name>
         <load_address>0x841</load_address>
         <run_address>0x841</run_address>
         <size>0x163</size>
         <input_file_ref idref="fl-2"/>
      </object_component>
      <object_component id="oc-2ff">
         <name>.debug_info</name>
         <load_address>0x9a4</load_address>
         <run_address>0x9a4</run_address>
         <size>0x227</size>
         <input_file_ref idref="fl-2"/>
      </object_component>
      <object_component id="oc-30d">
         <name>.debug_info</name>
         <load_address>0xbcb</load_address>
         <run_address>0xbcb</run_address>
         <size>0x23e</size>
         <input_file_ref idref="fl-2"/>
      </object_component>
      <object_component id="oc-318">
         <name>.debug_info</name>
         <load_address>0xe09</load_address>
         <run_address>0xe09</run_address>
         <size>0x26f</size>
         <input_file_ref idref="fl-2"/>
      </object_component>
      <object_component id="oc-322">
         <name>.debug_info</name>
         <load_address>0x1078</load_address>
         <run_address>0x1078</run_address>
         <size>0x261</size>
         <input_file_ref idref="fl-2"/>
      </object_component>
      <object_component id="oc-196">
         <name>.debug_info</name>
         <load_address>0x12d9</load_address>
         <run_address>0x12d9</run_address>
         <size>0xdc</size>
         <input_file_ref idref="fl-2"/>
      </object_component>
      <object_component id="oc-1a0">
         <name>.debug_info</name>
         <load_address>0x13b5</load_address>
         <run_address>0x13b5</run_address>
         <size>0xd9</size>
         <input_file_ref idref="fl-2"/>
      </object_component>
      <object_component id="oc-19b">
         <name>.debug_info</name>
         <load_address>0x148e</load_address>
         <run_address>0x148e</run_address>
         <size>0x8c</size>
         <input_file_ref idref="fl-2"/>
      </object_component>
      <object_component id="oc-145">
         <name>.debug_info</name>
         <load_address>0x151a</load_address>
         <run_address>0x151a</run_address>
         <size>0x84</size>
         <input_file_ref idref="fl-2"/>
      </object_component>
      <object_component id="oc-1a5">
         <name>.debug_info</name>
         <load_address>0x159e</load_address>
         <run_address>0x159e</run_address>
         <size>0x7a</size>
         <input_file_ref idref="fl-2"/>
      </object_component>
      <object_component id="oc-2d0">
         <name>.debug_info</name>
         <load_address>0x1618</load_address>
         <run_address>0x1618</run_address>
         <size>0x54</size>
         <input_file_ref idref="fl-2"/>
      </object_component>
      <object_component id="oc-282">
         <name>.debug_info</name>
         <load_address>0x166c</load_address>
         <run_address>0x166c</run_address>
         <size>0x1b7</size>
         <input_file_ref idref="fl-3"/>
      </object_component>
      <object_component id="oc-206">
         <name>.debug_info</name>
         <load_address>0x1823</load_address>
         <run_address>0x1823</run_address>
         <size>0x12b</size>
         <input_file_ref idref="fl-3"/>
      </object_component>
      <object_component id="oc-224">
         <name>.debug_info</name>
         <load_address>0x194e</load_address>
         <run_address>0x194e</run_address>
         <size>0x155</size>
         <input_file_ref idref="fl-3"/>
      </object_component>
      <object_component id="oc-212">
         <name>.debug_info</name>
         <load_address>0x1aa3</load_address>
         <run_address>0x1aa3</run_address>
         <size>0x178</size>
         <input_file_ref idref="fl-3"/>
      </object_component>
      <object_component id="oc-2ed">
         <name>.debug_info</name>
         <load_address>0x1c1b</load_address>
         <run_address>0x1c1b</run_address>
         <size>0x442</size>
         <input_file_ref idref="fl-4"/>
      </object_component>
      <object_component id="oc-2dd">
         <name>.debug_info</name>
         <load_address>0x205d</load_address>
         <run_address>0x205d</run_address>
         <size>0x11b</size>
         <input_file_ref idref="fl-4"/>
      </object_component>
      <object_component id="oc-23b">
         <name>.debug_info</name>
         <load_address>0x2178</load_address>
         <run_address>0x2178</run_address>
         <size>0x1d1</size>
         <input_file_ref idref="fl-4"/>
      </object_component>
      <object_component id="oc-270">
         <name>.debug_info</name>
         <load_address>0x2349</load_address>
         <run_address>0x2349</run_address>
         <size>0x20f</size>
         <input_file_ref idref="fl-4"/>
      </object_component>
      <object_component id="oc-268">
         <name>.debug_info</name>
         <load_address>0x2558</load_address>
         <run_address>0x2558</run_address>
         <size>0x160</size>
         <input_file_ref idref="fl-4"/>
      </object_component>
      <object_component id="oc-261">
         <name>.debug_info</name>
         <load_address>0x26b8</load_address>
         <run_address>0x26b8</run_address>
         <size>0x164</size>
         <input_file_ref idref="fl-4"/>
      </object_component>
      <object_component id="oc-103">
         <name>.debug_info</name>
         <load_address>0x281c</load_address>
         <run_address>0x281c</run_address>
         <size>0x12f</size>
         <input_file_ref idref="fl-4"/>
      </object_component>
      <object_component id="oc-233">
         <name>.debug_info</name>
         <load_address>0x294b</load_address>
         <run_address>0x294b</run_address>
         <size>0x132</size>
         <input_file_ref idref="fl-4"/>
      </object_component>
      <object_component id="oc-246">
         <name>.debug_info</name>
         <load_address>0x2a7d</load_address>
         <run_address>0x2a7d</run_address>
         <size>0x131</size>
         <input_file_ref idref="fl-4"/>
      </object_component>
      <object_component id="oc-27d">
         <name>.debug_info</name>
         <load_address>0x2bae</load_address>
         <run_address>0x2bae</run_address>
         <size>0x1cd</size>
         <input_file_ref idref="fl-5"/>
      </object_component>
      <object_component id="oc-241">
         <name>.debug_info</name>
         <load_address>0x2d7b</load_address>
         <run_address>0x2d7b</run_address>
         <size>0x12d</size>
         <input_file_ref idref="fl-5"/>
      </object_component>
      <object_component id="oc-24d">
         <name>.debug_info</name>
         <load_address>0x2ea8</load_address>
         <run_address>0x2ea8</run_address>
         <size>0x12f</size>
         <input_file_ref idref="fl-5"/>
      </object_component>
      <object_component id="oc-fe">
         <name>.debug_info</name>
         <load_address>0x2fd7</load_address>
         <run_address>0x2fd7</run_address>
         <size>0x139</size>
         <input_file_ref idref="fl-5"/>
      </object_component>
      <object_component id="oc-2eb">
         <name>.debug_info</name>
         <load_address>0x3110</load_address>
         <run_address>0x3110</run_address>
         <size>0x159</size>
         <input_file_ref idref="fl-6"/>
      </object_component>
      <object_component id="oc-2e5">
         <name>.debug_info</name>
         <load_address>0x3269</load_address>
         <run_address>0x3269</run_address>
         <size>0xda</size>
         <input_file_ref idref="fl-6"/>
      </object_component>
      <object_component id="oc-2e8">
         <name>.debug_info</name>
         <load_address>0x3343</load_address>
         <run_address>0x3343</run_address>
         <size>0xda</size>
         <input_file_ref idref="fl-6"/>
      </object_component>
      <object_component id="oc-258">
         <name>.debug_info</name>
         <load_address>0x341d</load_address>
         <run_address>0x341d</run_address>
         <size>0x1be</size>
         <input_file_ref idref="fl-6"/>
      </object_component>
      <object_component id="oc-22b">
         <name>.debug_info</name>
         <load_address>0x35db</load_address>
         <run_address>0x35db</run_address>
         <size>0x573</size>
         <input_file_ref idref="fl-7"/>
      </object_component>
      <object_component id="oc-200">
         <name>.debug_info</name>
         <load_address>0x3b4e</load_address>
         <run_address>0x3b4e</run_address>
         <size>0x2a4</size>
         <input_file_ref idref="fl-7"/>
      </object_component>
      <object_component id="oc-1d1">
         <name>.debug_info</name>
         <load_address>0x3df2</load_address>
         <run_address>0x3df2</run_address>
         <size>0x18c</size>
         <input_file_ref idref="fl-7"/>
      </object_component>
      <object_component id="oc-1d9">
         <name>.debug_info</name>
         <load_address>0x3f7e</load_address>
         <run_address>0x3f7e</run_address>
         <size>0x18b</size>
         <input_file_ref idref="fl-7"/>
      </object_component>
      <object_component id="oc-1e6">
         <name>.debug_info</name>
         <load_address>0x4109</load_address>
         <run_address>0x4109</run_address>
         <size>0x235</size>
         <input_file_ref idref="fl-7"/>
      </object_component>
      <object_component id="oc-1df">
         <name>.debug_info</name>
         <load_address>0x433e</load_address>
         <run_address>0x433e</run_address>
         <size>0x260</size>
         <input_file_ref idref="fl-7"/>
      </object_component>
      <object_component id="oc-1ef">
         <name>.debug_info</name>
         <load_address>0x459e</load_address>
         <run_address>0x459e</run_address>
         <size>0x1f2</size>
         <input_file_ref idref="fl-7"/>
      </object_component>
      <object_component id="oc-1f5">
         <name>.debug_info</name>
         <load_address>0x4790</load_address>
         <run_address>0x4790</run_address>
         <size>0x1b7</size>
         <input_file_ref idref="fl-7"/>
      </object_component>
      <object_component id="oc-1fa">
         <name>.debug_info</name>
         <load_address>0x4947</load_address>
         <run_address>0x4947</run_address>
         <size>0x1a2</size>
         <input_file_ref idref="fl-7"/>
      </object_component>
      <object_component id="oc-1aa">
         <name>.debug_info</name>
         <load_address>0x4ae9</load_address>
         <run_address>0x4ae9</run_address>
         <size>0x60</size>
         <input_file_ref idref="fl-7"/>
      </object_component>
      <object_component id="oc-2d7">
         <name>.debug_info</name>
         <load_address>0x4b49</load_address>
         <run_address>0x4b49</run_address>
         <size>0x91</size>
         <input_file_ref idref="fl-7"/>
      </object_component>
      <object_component id="oc-336">
         <name>.debug_info</name>
         <load_address>0x4bda</load_address>
         <run_address>0x4bda</run_address>
         <size>0x110</size>
         <input_file_ref idref="fl-7"/>
      </object_component>
      <object_component id="oc-15d">
         <name>.debug_info</name>
         <load_address>0x4cea</load_address>
         <run_address>0x4cea</run_address>
         <size>0xa59</size>
         <input_file_ref idref="fl-8"/>
      </object_component>
      <object_component id="oc-20d">
         <name>.debug_info</name>
         <load_address>0x5743</load_address>
         <run_address>0x5743</run_address>
         <size>0xd3</size>
         <input_file_ref idref="fl-8"/>
      </object_component>
      <object_component id="oc-21f">
         <name>.debug_info</name>
         <load_address>0x5816</load_address>
         <run_address>0x5816</run_address>
         <size>0xdd</size>
         <input_file_ref idref="fl-8"/>
      </object_component>
      <object_component id="oc-182">
         <name>.debug_info</name>
         <load_address>0x58f3</load_address>
         <run_address>0x58f3</run_address>
         <size>0x255</size>
         <input_file_ref idref="fl-8"/>
      </object_component>
      <object_component id="oc-186">
         <name>.debug_info</name>
         <load_address>0x5b48</load_address>
         <run_address>0x5b48</run_address>
         <size>0x12f</size>
         <input_file_ref idref="fl-8"/>
      </object_component>
      <object_component id="oc-18b">
         <name>.debug_info</name>
         <load_address>0x5c77</load_address>
         <run_address>0x5c77</run_address>
         <size>0x25d</size>
         <input_file_ref idref="fl-8"/>
      </object_component>
      <object_component id="oc-287">
         <name>.debug_info</name>
         <load_address>0x5ed4</load_address>
         <run_address>0x5ed4</run_address>
         <size>0x52</size>
         <input_file_ref idref="fl-8"/>
      </object_component>
      <object_component id="oc-31e">
         <name>.debug_info</name>
         <load_address>0x5f26</load_address>
         <run_address>0x5f26</run_address>
         <size>0x284</size>
         <input_file_ref idref="fl-9"/>
      </object_component>
      <object_component id="oc-2b4">
         <name>.debug_info</name>
         <load_address>0x61aa</load_address>
         <run_address>0x61aa</run_address>
         <size>0x289</size>
         <input_file_ref idref="fl-9"/>
      </object_component>
      <object_component id="oc-2ba">
         <name>.debug_info</name>
         <load_address>0x6433</load_address>
         <run_address>0x6433</run_address>
         <size>0x246</size>
         <input_file_ref idref="fl-9"/>
      </object_component>
      <object_component id="oc-2c0">
         <name>.debug_info</name>
         <load_address>0x6679</load_address>
         <run_address>0x6679</run_address>
         <size>0x2aa</size>
         <input_file_ref idref="fl-9"/>
      </object_component>
      <object_component id="oc-328">
         <name>.debug_info</name>
         <load_address>0x6923</load_address>
         <run_address>0x6923</run_address>
         <size>0x276</size>
         <input_file_ref idref="fl-b"/>
      </object_component>
      <object_component id="oc-2c6">
         <name>.debug_info</name>
         <load_address>0x6b99</load_address>
         <run_address>0x6b99</run_address>
         <size>0x29f</size>
         <input_file_ref idref="fl-b"/>
      </object_component>
      <object_component id="oc-313">
         <name>.debug_info</name>
         <load_address>0x6e38</load_address>
         <run_address>0x6e38</run_address>
         <size>0x27c</size>
         <input_file_ref idref="fl-c"/>
      </object_component>
      <object_component id="oc-2a9">
         <name>.debug_info</name>
         <load_address>0x70b4</load_address>
         <run_address>0x70b4</run_address>
         <size>0x250</size>
         <input_file_ref idref="fl-c"/>
      </object_component>
      <object_component id="oc-2a3">
         <name>.debug_info</name>
         <load_address>0x7304</load_address>
         <run_address>0x7304</run_address>
         <size>0x2a2</size>
         <input_file_ref idref="fl-c"/>
      </object_component>
      <object_component id="oc-29d">
         <name>.debug_info</name>
         <load_address>0x75a6</load_address>
         <run_address>0x75a6</run_address>
         <size>0x28a</size>
         <input_file_ref idref="fl-c"/>
      </object_component>
      <object_component id="oc-2af">
         <name>.debug_info</name>
         <load_address>0x7830</load_address>
         <run_address>0x7830</run_address>
         <size>0x34c</size>
         <input_file_ref idref="fl-c"/>
      </object_component>
      <object_component id="oc-30b">
         <name>.debug_info</name>
         <load_address>0x7b7c</load_address>
         <run_address>0x7b7c</run_address>
         <size>0x271</size>
         <input_file_ref idref="fl-d"/>
      </object_component>
      <object_component id="oc-296">
         <name>.debug_info</name>
         <load_address>0x7ded</load_address>
         <run_address>0x7ded</run_address>
         <size>0x27e</size>
         <input_file_ref idref="fl-d"/>
      </object_component>
      <object_component id="oc-2fa">
         <name>.debug_info</name>
         <load_address>0x806b</load_address>
         <run_address>0x806b</run_address>
         <size>0x288</size>
         <input_file_ref idref="fl-e"/>
      </object_component>
      <object_component id="oc-290">
         <name>.debug_info</name>
         <load_address>0x82f3</load_address>
         <run_address>0x82f3</run_address>
         <size>0x1a9</size>
         <input_file_ref idref="fl-e"/>
      </object_component>
      <object_component id="oc-370">
         <name>.debug_info</name>
         <load_address>0x849c</load_address>
         <run_address>0x849c</run_address>
         <size>0x19c</size>
         <input_file_ref idref="fl-f"/>
      </object_component>
      <object_component id="oc-34f">
         <name>.debug_info</name>
         <load_address>0x8638</load_address>
         <run_address>0x8638</run_address>
         <size>0x27d</size>
         <input_file_ref idref="fl-f"/>
      </object_component>
      <object_component id="oc-305">
         <name>.debug_info</name>
         <load_address>0x88b5</load_address>
         <run_address>0x88b5</run_address>
         <size>0x187</size>
         <input_file_ref idref="fl-f"/>
      </object_component>
      <object_component id="oc-e9">
         <name>.debug_info</name>
         <load_address>0x8a3c</load_address>
         <run_address>0x8a3c</run_address>
         <size>0x1a7</size>
         <input_file_ref idref="fl-4a"/>
      </object_component>
      <object_component id="oc-74">
         <name>.debug_info</name>
         <load_address>0x8be3</load_address>
         <run_address>0x8be3</run_address>
         <size>0x1a9</size>
         <input_file_ref idref="fl-4a"/>
      </object_component>
      <object_component id="oc-e4">
         <name>.debug_info</name>
         <load_address>0x8d8c</load_address>
         <run_address>0x8d8c</run_address>
         <size>0x46</size>
         <input_file_ref idref="fl-4a"/>
      </object_component>
      <object_component id="oc-153">
         <name>.debug_info</name>
         <load_address>0x8dd2</load_address>
         <run_address>0x8dd2</run_address>
         <size>0x2c</size>
         <input_file_ref idref="fl-4a"/>
      </object_component>
      <object_component id="oc-f1">
         <name>.debug_info</name>
         <load_address>0x8dfe</load_address>
         <run_address>0x8dfe</run_address>
         <size>0x164</size>
         <input_file_ref idref="fl-4b"/>
      </object_component>
      <object_component id="oc-eb">
         <name>.debug_info</name>
         <load_address>0x8f62</load_address>
         <run_address>0x8f62</run_address>
         <size>0x21b</size>
         <input_file_ref idref="fl-4b"/>
      </object_component>
      <object_component id="oc-79">
         <name>.debug_info</name>
         <load_address>0x917d</load_address>
         <run_address>0x917d</run_address>
         <size>0x192</size>
         <input_file_ref idref="fl-4b"/>
      </object_component>
      <object_component id="oc-f2">
         <name>.debug_info</name>
         <load_address>0x930f</load_address>
         <run_address>0x930f</run_address>
         <size>0x39</size>
         <input_file_ref idref="fl-4b"/>
      </object_component>
      <object_component id="oc-f9">
         <name>.debug_info</name>
         <load_address>0x9348</load_address>
         <run_address>0x9348</run_address>
         <size>0xec</size>
         <input_file_ref idref="fl-4d"/>
      </object_component>
      <object_component id="oc-10e">
         <name>.debug_info</name>
         <load_address>0x9434</load_address>
         <run_address>0x9434</run_address>
         <size>0x155</size>
         <input_file_ref idref="fl-64"/>
      </object_component>
      <object_component id="oc-9b">
         <name>.debug_info</name>
         <load_address>0x9589</load_address>
         <run_address>0x9589</run_address>
         <size>0x19b</size>
         <input_file_ref idref="fl-64"/>
      </object_component>
      <object_component id="oc-109">
         <name>.debug_info</name>
         <load_address>0x9724</load_address>
         <run_address>0x9724</run_address>
         <size>0x46</size>
         <input_file_ref idref="fl-64"/>
      </object_component>
      <object_component id="oc-276">
         <name>.debug_info</name>
         <load_address>0x976a</load_address>
         <run_address>0x976a</run_address>
         <size>0x100</size>
         <input_file_ref idref="fl-65"/>
      </object_component>
      <object_component id="oc-21a">
         <name>.debug_info</name>
         <load_address>0x986a</load_address>
         <run_address>0x986a</run_address>
         <size>0x10d</size>
         <input_file_ref idref="fl-67"/>
      </object_component>
      <object_component id="oc-368">
         <name>.debug_info</name>
         <load_address>0x9977</load_address>
         <run_address>0x9977</run_address>
         <size>0xfd</size>
         <input_file_ref idref="fl-6c"/>
      </object_component>
      <object_component id="oc-2f4">
         <name>.debug_info</name>
         <load_address>0x9a74</load_address>
         <run_address>0x9a74</run_address>
         <size>0x103</size>
         <input_file_ref idref="fl-6d"/>
      </object_component>
      <object_component id="oc-36c">
         <name>.debug_info</name>
         <load_address>0x9b77</load_address>
         <run_address>0x9b77</run_address>
         <size>0xfd</size>
         <input_file_ref idref="fl-6e"/>
      </object_component>
      <object_component id="oc-da">
         <name>.debug_info</name>
         <load_address>0x9c74</load_address>
         <run_address>0x9c74</run_address>
         <size>0xd6</size>
         <input_file_ref idref="fl-6f"/>
      </object_component>
      <object_component id="oc-167">
         <name>.debug_info</name>
         <load_address>0x9d4a</load_address>
         <run_address>0x9d4a</run_address>
         <size>0x304</size>
         <input_file_ref idref="fl-71"/>
      </object_component>
      <object_component id="oc-116">
         <name>.debug_info</name>
         <load_address>0xa04e</load_address>
         <run_address>0xa04e</run_address>
         <size>0x1d8</size>
         <input_file_ref idref="fl-71"/>
      </object_component>
      <object_component id="oc-1b1">
         <name>.debug_info</name>
         <load_address>0xa226</load_address>
         <run_address>0xa226</run_address>
         <size>0x39</size>
         <input_file_ref idref="fl-71"/>
      </object_component>
      <object_component id="oc-168">
         <name>.debug_info</name>
         <load_address>0xa25f</load_address>
         <run_address>0xa25f</run_address>
         <size>0x2c</size>
         <input_file_ref idref="fl-71"/>
      </object_component>
      <object_component id="oc-bc">
         <name>.debug_info</name>
         <load_address>0xa28b</load_address>
         <run_address>0xa28b</run_address>
         <size>0x190</size>
         <input_file_ref idref="fl-72"/>
      </object_component>
      <object_component id="oc-12a">
         <name>.debug_info</name>
         <load_address>0xa41b</load_address>
         <run_address>0xa41b</run_address>
         <size>0x100</size>
         <input_file_ref idref="fl-73"/>
      </object_component>
      <object_component id="oc-113">
         <name>.debug_info</name>
         <load_address>0xa51b</load_address>
         <run_address>0xa51b</run_address>
         <size>0x129</size>
         <input_file_ref idref="fl-74"/>
      </object_component>
      <object_component id="oc-138">
         <name>.debug_info</name>
         <load_address>0xa644</load_address>
         <run_address>0xa644</run_address>
         <size>0xf8</size>
         <input_file_ref idref="fl-75"/>
      </object_component>
      <object_component id="oc-14b">
         <name>.debug_info</name>
         <load_address>0xa73c</load_address>
         <run_address>0xa73c</run_address>
         <size>0x15d</size>
         <input_file_ref idref="fl-78"/>
      </object_component>
      <object_component id="oc-e0">
         <name>.debug_info</name>
         <load_address>0xa899</load_address>
         <run_address>0xa899</run_address>
         <size>0x172</size>
         <input_file_ref idref="fl-78"/>
      </object_component>
      <object_component id="oc-14c">
         <name>.debug_info</name>
         <load_address>0xaa0b</load_address>
         <run_address>0xaa0b</run_address>
         <size>0x2c</size>
         <input_file_ref idref="fl-78"/>
      </object_component>
      <object_component id="oc-3e1">
         <name>.debug_info</name>
         <load_address>0xaa37</load_address>
         <run_address>0xaa37</run_address>
         <size>0xa5</size>
      </object_component>
      <object_component id="oc-2cf">
         <name>.debug_line</name>
         <load_address>0x0</load_address>
         <run_address>0x0</run_address>
         <size>0x134</size>
         <input_file_ref idref="fl-2"/>
      </object_component>
      <object_component id="oc-360">
         <name>.debug_line</name>
         <load_address>0x134</load_address>
         <run_address>0x134</run_address>
         <size>0x45</size>
         <input_file_ref idref="fl-2"/>
      </object_component>
      <object_component id="oc-35e">
         <name>.debug_line</name>
         <load_address>0x179</load_address>
         <run_address>0x179</run_address>
         <size>0x45</size>
         <input_file_ref idref="fl-2"/>
      </object_component>
      <object_component id="oc-362">
         <name>.debug_line</name>
         <load_address>0x1be</load_address>
         <run_address>0x1be</run_address>
         <size>0x45</size>
         <input_file_ref idref="fl-2"/>
      </object_component>
      <object_component id="oc-364">
         <name>.debug_line</name>
         <load_address>0x203</load_address>
         <run_address>0x203</run_address>
         <size>0x45</size>
         <input_file_ref idref="fl-2"/>
      </object_component>
      <object_component id="oc-372">
         <name>.debug_line</name>
         <load_address>0x248</load_address>
         <run_address>0x248</run_address>
         <size>0x45</size>
         <input_file_ref idref="fl-2"/>
      </object_component>
      <object_component id="oc-133">
         <name>.debug_line</name>
         <load_address>0x28d</load_address>
         <run_address>0x28d</run_address>
         <size>0x67</size>
         <input_file_ref idref="fl-2"/>
      </object_component>
      <object_component id="oc-303">
         <name>.debug_line</name>
         <load_address>0x2f4</load_address>
         <run_address>0x2f4</run_address>
         <size>0x70</size>
         <input_file_ref idref="fl-2"/>
      </object_component>
      <object_component id="oc-310">
         <name>.debug_line</name>
         <load_address>0x364</load_address>
         <run_address>0x364</run_address>
         <size>0x7c</size>
         <input_file_ref idref="fl-2"/>
      </object_component>
      <object_component id="oc-31b">
         <name>.debug_line</name>
         <load_address>0x3e0</load_address>
         <run_address>0x3e0</run_address>
         <size>0x82</size>
         <input_file_ref idref="fl-2"/>
      </object_component>
      <object_component id="oc-325">
         <name>.debug_line</name>
         <load_address>0x462</load_address>
         <run_address>0x462</run_address>
         <size>0x75</size>
         <input_file_ref idref="fl-2"/>
      </object_component>
      <object_component id="oc-199">
         <name>.debug_line</name>
         <load_address>0x4d7</load_address>
         <run_address>0x4d7</run_address>
         <size>0x6e</size>
         <input_file_ref idref="fl-2"/>
      </object_component>
      <object_component id="oc-1a3">
         <name>.debug_line</name>
         <load_address>0x545</load_address>
         <run_address>0x545</run_address>
         <size>0x69</size>
         <input_file_ref idref="fl-2"/>
      </object_component>
      <object_component id="oc-19e">
         <name>.debug_line</name>
         <load_address>0x5ae</load_address>
         <run_address>0x5ae</run_address>
         <size>0x6d</size>
         <input_file_ref idref="fl-2"/>
      </object_component>
      <object_component id="oc-148">
         <name>.debug_line</name>
         <load_address>0x61b</load_address>
         <run_address>0x61b</run_address>
         <size>0x20</size>
         <input_file_ref idref="fl-2"/>
      </object_component>
      <object_component id="oc-1a8">
         <name>.debug_line</name>
         <load_address>0x63b</load_address>
         <run_address>0x63b</run_address>
         <size>0x61</size>
         <input_file_ref idref="fl-2"/>
      </object_component>
      <object_component id="oc-2d3">
         <name>.debug_line</name>
         <load_address>0x69c</load_address>
         <run_address>0x69c</run_address>
         <size>0x45</size>
         <input_file_ref idref="fl-2"/>
      </object_component>
      <object_component id="oc-2f8">
         <name>.debug_line</name>
         <load_address>0x6e1</load_address>
         <run_address>0x6e1</run_address>
         <size>0x37</size>
         <input_file_ref idref="fl-3"/>
      </object_component>
      <object_component id="oc-20a">
         <name>.debug_line</name>
         <load_address>0x718</load_address>
         <run_address>0x718</run_address>
         <size>0x4b</size>
         <input_file_ref idref="fl-3"/>
      </object_component>
      <object_component id="oc-228">
         <name>.debug_line</name>
         <load_address>0x763</load_address>
         <run_address>0x763</run_address>
         <size>0x4c</size>
         <input_file_ref idref="fl-3"/>
      </object_component>
      <object_component id="oc-216">
         <name>.debug_line</name>
         <load_address>0x7af</load_address>
         <run_address>0x7af</run_address>
         <size>0x55</size>
         <input_file_ref idref="fl-3"/>
      </object_component>
      <object_component id="oc-332">
         <name>.debug_line</name>
         <load_address>0x804</load_address>
         <run_address>0x804</run_address>
         <size>0xea</size>
         <input_file_ref idref="fl-4"/>
      </object_component>
      <object_component id="oc-32a">
         <name>.debug_line</name>
         <load_address>0x8ee</load_address>
         <run_address>0x8ee</run_address>
         <size>0x38</size>
         <input_file_ref idref="fl-4"/>
      </object_component>
      <object_component id="oc-23a">
         <name>.debug_line</name>
         <load_address>0x926</load_address>
         <run_address>0x926</run_address>
         <size>0x60</size>
         <input_file_ref idref="fl-4"/>
      </object_component>
      <object_component id="oc-273">
         <name>.debug_line</name>
         <load_address>0x986</load_address>
         <run_address>0x986</run_address>
         <size>0x6d</size>
         <input_file_ref idref="fl-4"/>
      </object_component>
      <object_component id="oc-26b">
         <name>.debug_line</name>
         <load_address>0x9f3</load_address>
         <run_address>0x9f3</run_address>
         <size>0x51</size>
         <input_file_ref idref="fl-4"/>
      </object_component>
      <object_component id="oc-264">
         <name>.debug_line</name>
         <load_address>0xa44</load_address>
         <run_address>0xa44</run_address>
         <size>0x4f</size>
         <input_file_ref idref="fl-4"/>
      </object_component>
      <object_component id="oc-106">
         <name>.debug_line</name>
         <load_address>0xa93</load_address>
         <run_address>0xa93</run_address>
         <size>0x57</size>
         <input_file_ref idref="fl-4"/>
      </object_component>
      <object_component id="oc-236">
         <name>.debug_line</name>
         <load_address>0xaea</load_address>
         <run_address>0xaea</run_address>
         <size>0x55</size>
         <input_file_ref idref="fl-4"/>
      </object_component>
      <object_component id="oc-249">
         <name>.debug_line</name>
         <load_address>0xb3f</load_address>
         <run_address>0xb3f</run_address>
         <size>0x52</size>
         <input_file_ref idref="fl-4"/>
      </object_component>
      <object_component id="oc-27b">
         <name>.debug_line</name>
         <load_address>0xb91</load_address>
         <run_address>0xb91</run_address>
         <size>0x61</size>
         <input_file_ref idref="fl-5"/>
      </object_component>
      <object_component id="oc-244">
         <name>.debug_line</name>
         <load_address>0xbf2</load_address>
         <run_address>0xbf2</run_address>
         <size>0x4f</size>
         <input_file_ref idref="fl-5"/>
      </object_component>
      <object_component id="oc-250">
         <name>.debug_line</name>
         <load_address>0xc41</load_address>
[...]
         <value>0x66d</value>
      </symbol>
      <symbol id="sm-31f">
         <name>UCB0IV</name>
         <value>0x66e</value>
      </symbol>
      <symbol id="sm-320">
         <name>WDTCTL</name>
         <value>0x15c</value>
      </symbol>
      <symbol id="sm-321">
         <name>WDTCTL_L</name>
         <value>0x15c</value>
      </symbol>
      <symbol id="sm-322">
         <name>WDTCTL_H</name>
         <value>0x15d</value>
      </symbol>
      <symbol id="sm-323">
         <name>fram_rx_start</name>
         <value>0x4400</value>
      </symbol>
      <symbol id="sm-324">
         <name>fram_ipe_start</name>
         <value>0x4400</value>
      </symbol>
      <symbol id="sm-325">
         <name>fram_ipe_end</name>
         <value>0x4400</value>
      </symbol>
      <symbol id="sm-326">
         <name>__TI_CINIT_Base</name>
         <value>0x46d6</value>
      </symbol>
      <symbol id="sm-327">
         <name>__TI_CINIT_Limit</name>
         <value>0x46e6</value>
      </symbol>
      <symbol id="sm-328">
         <name>__TI_Handler_Table_Base</name>
         <value>0x46c4</value>
      </symbol>
      <symbol id="sm-329">
         <name>__TI_Handler_Table_Limit</name>
         <value>0x46d0</value>
      </symbol>
      <symbol id="sm-32a">
         <name>binit</name>
         <value>0xffffffff</value>
      </symbol>
      <symbol id="sm-32b">
         <name>__binit__</name>
         <value>0xffffffff</value>
      </symbol>
      <symbol id="sm-32c">
         <name>__STACK_SIZE</name>
         <value>0xa0</value>
      </symbol>
      <symbol id="sm-32d">
         <name>__STACK_END</name>
         <value>0x2400</value>
      </symbol>
      <symbol id="sm-32e">
         <name>__c_args__</name>
         <value>0xffffffff</value>
      </symbol>
      <symbol id="sm-3fb">
         <name>eMBRegCoilsCB</name>
         <value>0x108ca</value>
         <object_component_ref idref="oc-317"/>
      </symbol>
      <symbol id="sm-3fc">
         <name>usRegHoldingStart</name>
         <value>0x1dde</value>
         <object_component_ref idref="oc-33b"/>
      </symbol>
      <symbol id="sm-3fd">
         <name>usRegInputBuf</name>
         <value>0x1dcc</value>
         <object_component_ref idref="oc-33e"/>
      </symbol>
      <symbol id="sm-3fe">
         <name>usRegHoldingBuf</name>
         <value>0x1dbc</value>
         <object_component_ref idref="oc-345"/>
      </symbol>
      <symbol id="sm-3ff">
         <name>main</name>
         <value>0x1092c</value>
         <object_component_ref idref="oc-12f"/>
      </symbol>
      <symbol id="sm-400">
         <name>eMBRegDiscreteCB</name>
         <value>0x10bca</value>
         <object_component_ref idref="oc-321"/>
      </symbol>
      <symbol id="sm-401">
         <name>usRegInputStart</name>
         <value>0x1ddc</value>
         <object_component_ref idref="oc-33b"/>
      </symbol>
      <symbol id="sm-402">
         <name>ucRegCoilsBuf</name>
         <value>0x1de4</value>
         <object_component_ref idref="oc-34b"/>
      </symbol>
      <symbol id="sm-403">
         <name>eMBRegInputCB</name>
         <value>0x10b0e</value>
         <object_component_ref idref="oc-2fe"/>
      </symbol>
      <symbol id="sm-404">
         <name>eMBRegHoldingCB</name>
         <value>0x105d4</value>
         <object_component_ref idref="oc-30c"/>
      </symbol>
      <symbol id="sm-405">
         <name>ucRegDiscreteBuf</name>
         <value>0x1de6</value>
         <object_component_ref idref="oc-357"/>
      </symbol>
      <symbol id="sm-423">
         <name>xMBPortEventPost</name>
         <value>0x10e0c</value>
         <object_component_ref idref="oc-223"/>
      </symbol>
      <symbol id="sm-424">
         <name>xMBPortEventInit</name>
         <value>0x10e42</value>
         <object_component_ref idref="oc-205"/>
      </symbol>
      <symbol id="sm-425">
         <name>xMBPortEventGet</name>
         <value>0x10d6e</value>
         <object_component_ref idref="oc-211"/>
      </symbol>
      <symbol id="sm-46b">
         <name>vMBPortSerialEnable</name>
         <value>0x10c00</value>
         <object_component_ref idref="oc-239"/>
      </symbol>
      <symbol id="sm-46c">
         <name>__TI_int48</name>
         <value>0xfff0</value>
         <object_component_ref idref="oc-90"/>
      </symbol>
      <symbol id="sm-46d">
         <name>EnterCriticalSection</name>
         <value>0x10db2</value>
         <object_component_ref idref="oc-232"/>
      </symbol>
      <symbol id="sm-46e">
         <name>ucCriticalNesting</name>
         <value>0x1de3</value>
         <object_component_ref idref="oc-2dc"/>
      </symbol>
      <symbol id="sm-46f">
         <name>USCI_A0_ISR</name>
         <value>0x4400</value>
         <object_component_ref idref="oc-102"/>
      </symbol>
      <symbol id="sm-470">
         <name>xMBPortSerialInit</name>
         <value>0x10646</value>
         <object_component_ref idref="oc-26f"/>
      </symbol>
      <symbol id="sm-471">
         <name>xMBPortSerialGetByte</name>
         <value>0x10e18</value>
         <object_component_ref idref="oc-260"/>
      </symbol>
      <symbol id="sm-472">
         <name>xMBPortSerialPutByte</name>
         <value>0x10e38</value>
         <object_component_ref idref="oc-267"/>
      </symbol>
      <symbol id="sm-473">
         <name>ucGIEWasEnabled</name>
         <value>0x1de2</value>
         <object_component_ref idref="oc-2dc"/>
      </symbol>
      <symbol id="sm-474">
         <name>ExitCriticalSection</name>
         <value>0x10d56</value>
         <object_component_ref idref="oc-245"/>
      </symbol>
      <symbol id="sm-497">
         <name>xMBPortTimersInit</name>
         <value>0x10a80</value>
         <object_component_ref idref="oc-27a"/>
      </symbol>
      <symbol id="sm-498">
         <name>__TI_int45</name>
         <value>0xffea</value>
         <object_component_ref idref="oc-8d"/>
      </symbol>
      <symbol id="sm-499">
         <name>vMBPortTimersEnable</name>
         <value>0x10dec</value>
         <object_component_ref idref="oc-23f"/>
      </symbol>
      <symbol id="sm-49a">
         <name>prvvMBTimerIRQHandler</name>
         <value>0x4444</value>
         <object_component_ref idref="oc-fc"/>
      </symbol>
      <symbol id="sm-49b">
         <name>vMBPortTimersDisable</name>
         <value>0x10dfe</value>
         <object_component_ref idref="oc-24c"/>
      </symbol>
      <symbol id="sm-4b5">
         <name>usMBCRC16</name>
         <value>0x10c62</value>
         <object_component_ref idref="oc-255"/>
      </symbol>
      <symbol id="sm-51c">
         <name>ucRTUBuf</name>
         <value>0x1c00</value>
      </symbol>
      <symbol id="sm-51d">
         <name>eMBRTUSend</name>
         <value>0x10562</value>
         <object_component_ref idref="oc-1de"/>
      </symbol>
      <symbol id="sm-51e">
         <name>eMBRTUStart</name>
         <value>0x10d3c</value>
         <object_component_ref idref="oc-1d0"/>
      </symbol>
      <symbol id="sm-51f">
         <name>eMBRTUReceive</name>
         <value>0x10a32</value>
         <object_component_ref idref="oc-1e5"/>
      </symbol>
      <symbol id="sm-520">
         <name>eMBRTUStop</name>
         <value>0x10d86</value>
         <object_component_ref idref="oc-1d7"/>
      </symbol>
      <symbol id="sm-521">
         <name>xMBRTUTimerT35Expired</name>
         <value>0x10c32</value>
         <object_component_ref idref="oc-1f9"/>
      </symbol>
      <symbol id="sm-522">
         <name>xMBRTUTransmitFSM</name>
         <value>0x109e0</value>
         <object_component_ref idref="oc-1f3"/>
      </symbol>
      <symbol id="sm-523">
         <name>xMBRTUReceiveFSM</name>
         <value>0x104ea</value>
         <object_component_ref idref="oc-1ed"/>
      </symbol>
      <symbol id="sm-524">
         <name>eMBRTUInit</name>
         <value>0x10790</value>
         <object_component_ref idref="oc-1ff"/>
      </symbol>
      <symbol id="sm-56b">
         <name>pxMBFrameCBByteReceived</name>
         <value>0x1d38</value>
      </symbol>
      <symbol id="sm-56c">
         <name>pxMBFrameCBTransmitterEmpty</name>
         <value>0x1d3c</value>
      </symbol>
      <symbol id="sm-56d">
         <name>pxMBPortCBTimerExpired</name>
         <value>0x1d40</value>
      </symbol>
      <symbol id="sm-56e">
         <name>eMBInit</name>
         <value>0x101ca</value>
         <object_component_ref idref="oc-17e"/>
      </symbol>
      <symbol id="sm-56f">
         <name>eMBEnable</name>
         <value>0x10d1e</value>
         <object_component_ref idref="oc-184"/>
      </symbol>
      <symbol id="sm-570">
         <name>eMBPoll</name>
         <value>0x10000</value>
         <object_component_ref idref="oc-18a"/>
      </symbol>
      <symbol id="sm-59b">
         <name>eMBFuncReadCoils</name>
         <value>0x10264</value>
         <object_component_ref idref="oc-2b3"/>
      </symbol>
      <symbol id="sm-59c">
         <name>eMBFuncWriteMultipleCoils</name>
         <value>0x103f6</value>
         <object_component_ref idref="oc-2bf"/>
      </symbol>
      <symbol id="sm-59d">
         <name>eMBFuncWriteCoil</name>
         <value>0x10862</value>
         <object_component_ref idref="oc-2b9"/>
      </symbol>
      <symbol id="sm-5b0">
         <name>eMBFuncReadDiscreteInputs</name>
         <value>0x102f0</value>
         <object_component_ref idref="oc-2c5"/>
      </symbol>
      <symbol id="sm-5de">
         <name>eMBFuncReadHoldingRegister</name>
         <value>0x10472</value>
         <object_component_ref idref="oc-29b"/>
      </symbol>
      <symbol id="sm-5df">
         <name>eMBFuncWriteMultipleHoldingRegister</name>
         <value>0x10724</value>
         <object_component_ref idref="oc-2a1"/>
      </symbol>
      <symbol id="sm-5e0">
         <name>eMBFuncWriteHoldingRegister</name>
         <value>0x10b8e</value>
         <object_component_ref idref="oc-2a7"/>
      </symbol>
      <symbol id="sm-5e1">
         <name>eMBFuncReadWriteMultipleHoldingRegister</name>
         <value>0x10106</value>
         <object_component_ref idref="oc-2ad"/>
      </symbol>
      <symbol id="sm-5f1">
         <name>eMBFuncReadInputRegister</name>
         <value>0x1037a</value>
         <object_component_ref idref="oc-295"/>
      </symbol>
      <symbol id="sm-600">
         <name>eMBFuncReportSlaveID</name>
         <value>0x10cda</value>
         <object_component_ref idref="oc-28f"/>
      </symbol>
      <symbol id="sm-617">
         <name>xMBUtilGetBits</name>
         <value>0x10ac8</value>
         <object_component_ref idref="oc-34e"/>
      </symbol>
      <symbol id="sm-618">
         <name>prveMBError2Exception</name>
         <value>0x10cfe</value>
         <object_component_ref idref="oc-304"/>
      </symbol>
      <symbol id="sm-62e">
         <name>__TI_decompress_none</name>
         <value>0x10dda</value>
         <object_component_ref idref="oc-72"/>
      </symbol>
      <symbol id="sm-650">
         <name>__TI_decompress_rle24</name>
         <value>0x10e4a</value>
         <object_component_ref idref="oc-78"/>
      </symbol>
      <symbol id="sm-653">
         <name>__TI_int30</name>
         <value>0xffcc</value>
         <object_component_ref idref="oc-7e"/>
      </symbol>
      <symbol id="sm-65b">
         <name>__TI_ISR_TRAP</name>
         <value>0x444e</value>
         <object_component_ref idref="oc-f7"/>
      </symbol>
      <symbol id="sm-65e">
         <name>__TI_int31</name>
         <value>0xffce</value>
         <object_component_ref idref="oc-7f"/>
      </symbol>
      <symbol id="sm-661">
         <name>__TI_int32</name>
         <value>0xffd0</value>
         <object_component_ref idref="oc-80"/>
      </symbol>
      <symbol id="sm-664">
         <name>__TI_int33</name>
         <value>0xffd2</value>
         <object_component_ref idref="oc-81"/>
      </symbol>
      <symbol id="sm-667">
         <name>__TI_int34</name>
         <value>0xffd4</value>
         <object_component_ref idref="oc-82"/>
      </symbol>
      <symbol id="sm-66a">
         <name>__TI_int35</name>
         <value>0xffd6</value>
         <object_component_ref idref="oc-83"/>
      </symbol>
      <symbol id="sm-66d">
         <name>__TI_int36</name>
         <value>0xffd8</value>
         <object_component_ref idref="oc-84"/>
      </symbol>
      <symbol id="sm-670">
         <name>__TI_int37</name>
         <value>0xffda</value>
         <object_component_ref idref="oc-85"/>
      </symbol>
      <symbol id="sm-673">
         <name>__TI_int38</name>
         <value>0xffdc</value>
         <object_component_ref idref="oc-86"/>
      </symbol>
      <symbol id="sm-676">
         <name>__TI_int39</name>
         <value>0xffde</value>
         <object_component_ref idref="oc-87"/>
      </symbol>
      <symbol id="sm-679">
         <name>__TI_int40</name>
         <value>0xffe0</value>
         <object_component_ref idref="oc-88"/>
      </symbol>
      <symbol id="sm-67c">
         <name>__TI_int41</name>
         <value>0xffe2</value>
         <object_component_ref idref="oc-89"/>
      </symbol>
      <symbol id="sm-67f">
         <name>__TI_int42</name>
         <value>0xffe4</value>
         <object_component_ref idref="oc-8a"/>
      </symbol>
      <symbol id="sm-682">
         <name>__TI_int43</name>
         <value>0xffe6</value>
         <object_component_ref idref="oc-8b"/>
      </symbol>
      <symbol id="sm-685">
         <name>__TI_int44</name>
         <value>0xffe8</value>
         <object_component_ref idref="oc-8c"/>
      </symbol>
      <symbol id="sm-688">
         <name>__TI_int46</name>
         <value>0xffec</value>
         <object_component_ref idref="oc-8e"/>
      </symbol>
      <symbol id="sm-68b">
         <name>__TI_int47</name>
         <value>0xffee</value>
         <object_component_ref idref="oc-8f"/>
      </symbol>
      <symbol id="sm-68e">
         <name>__TI_int49</name>
         <value>0xfff2</value>
         <object_component_ref idref="oc-91"/>
      </symbol>
      <symbol id="sm-691">
         <name>__TI_int50</name>
         <value>0xfff4</value>
         <object_component_ref idref="oc-92"/>
      </symbol>
      <symbol id="sm-694">
         <name>__TI_int51</name>
         <value>0xfff6</value>
         <object_component_ref idref="oc-93"/>
      </symbol>
      <symbol id="sm-697">
         <name>__TI_int52</name>
         <value>0xfff8</value>
         <object_component_ref idref="oc-94"/>
      </symbol>
      <symbol id="sm-69a">
         <name>__TI_int53</name>
         <value>0xfffa</value>
         <object_component_ref idref="oc-95"/>
      </symbol>
      <symbol id="sm-69d">
         <name>__TI_int54</name>
         <value>0xfffc</value>
         <object_component_ref idref="oc-96"/>
      </symbol>
      <symbol id="sm-6b0">
         <name>__TI_zero_init</name>
         <value>0x10cb6</value>
         <object_component_ref idref="oc-97"/>
      </symbol>
      <symbol id="sm-6bf">
         <name>__mspabi_remul</name>
         <value>0x10988</value>
         <object_component_ref idref="oc-275"/>
      </symbol>
      <symbol id="sm-6c0">
         <name>__mspabi_divul</name>
         <value>0x10988</value>
         <object_component_ref idref="oc-275"/>
      </symbol>
      <symbol id="sm-6ce">
         <name>__mspabi_mpyi_f5hw</name>
         <value>0x10d9c</value>
         <object_component_ref idref="oc-219"/>
      </symbol>
      <symbol id="sm-706">
         <name>__mspabi_slli</name>
         <value>0x10e24</value>
         <object_component_ref idref="oc-365"/>
      </symbol>
      <symbol id="sm-70e">
         <name>__mspabi_slll_9</name>
         <value>0x10b68</value>
         <object_component_ref idref="oc-2f1"/>
      </symbol>
      <symbol id="sm-70f">
         <name>__mspabi_slll_8</name>
         <value>0x10b6c</value>
         <object_component_ref idref="oc-2f1"/>
      </symbol>
      <symbol id="sm-710">
         <name>__mspabi_slll_7</name>
         <value>0x10b70</value>
         <object_component_ref idref="oc-2f1"/>
      </symbol>
      <symbol id="sm-711">
         <name>__mspabi_slll_6</name>
         <value>0x10b74</value>
         <object_component_ref idref="oc-2f1"/>
      </symbol>
      <symbol id="sm-712">
         <name>__mspabi_slll_5</name>
         <value>0x10b78</value>
         <object_component_ref idref="oc-2f1"/>
      </symbol>
      <symbol id="sm-713">
         <name>__mspabi_slll_4</name>
         <value>0x10b7c</value>
         <object_component_ref idref="oc-2f1"/>
      </symbol>
      <symbol id="sm-714">
         <name>__mspabi_slll_3</name>
         <value>0x10b80</value>
         <object_component_ref idref="oc-2f1"/>
      </symbol>
      <symbol id="sm-715">
         <name>__mspabi_slll_2</name>
         <value>0x10b84</value>
         <object_component_ref idref="oc-2f1"/>
      </symbol>
      <symbol id="sm-716">
         <name>__mspabi_slll_1</name>
         <value>0x10b88</value>
         <object_component_ref idref="oc-2f1"/>
      </symbol>
      <symbol id="sm-717">
         <name>__mspabi_slll_15</name>
         <value>0x10b50</value>
         <object_component_ref idref="oc-2f1"/>
      </symbol>
      <symbol id="sm-718">
         <name>__mspabi_slll_14</name>
         <value>0x10b54</value>
         <object_component_ref idref="oc-2f1"/>
      </symbol>
      <symbol id="sm-719">
         <name>__mspabi_slll_13</name>
         <value>0x10b58</value>
         <object_component_ref idref="oc-2f1"/>
      </symbol>
      <symbol id="sm-71a">
         <name>__mspabi_slll_12</name>
         <value>0x10b5c</value>
         <object_component_ref idref="oc-2f1"/>
      </symbol>
      <symbol id="sm-71b">
         <name>__mspabi_slll_11</name>
         <value>0x10b60</value>
         <object_component_ref idref="oc-2f1"/>
      </symbol>
      <symbol id="sm-71c">
         <name>__mspabi_slll_10</name>
         <value>0x10b64</value>
         <object_component_ref idref="oc-2f1"/>
      </symbol>
      <symbol id="sm-725">
         <name>__mspabi_srli</name>
         <value>0x10e2e</value>
         <object_component_ref idref="oc-36a"/>
      </symbol>
      <symbol id="sm-72e">
         <name>_stack</name>
         <value>0x2360</value>
         <object_component_ref idref="oc-d9"/>
      </symbol>
      <symbol id="sm-72f">
         <name>_reset_vector</name>
         <value>0xfffe</value>
         <object_component_ref idref="oc-dc"/>
      </symbol>
      <symbol id="sm-74d">
         <name>_auto_init_hold_wdt</name>
         <value>0x106b8</value>
         <object_component_ref idref="oc-115"/>
      </symbol>
      <symbol id="sm-758">
         <name>_c_int00_noargs_noexit_mpu</name>
         <value>0x4426</value>
         <object_component_ref idref="oc-bb"/>
      </symbol>
      <symbol id="sm-761">
         <name>__mpu_init</name>
         <value>0x10c8e</value>
         <object_component_ref idref="oc-128"/>
      </symbol>
      <symbol id="sm-76a">
         <name>_system_pre_init</name>
         <value>0x10e50</value>
         <object_component_ref idref="oc-10f"/>
      </symbol>
      <symbol id="sm-775">
         <name>C$$EXIT</name>
         <value>0x10e54</value>
         <object_component_ref idref="oc-137"/>
      </symbol>
      <symbol id="sm-776">
         <name>abort</name>
         <value>0x10e54</value>
         <object_component_ref idref="oc-137"/>
      </symbol>
      <symbol id="sm-78b">
         <name>memcpy</name>
         <value>0x10dc6</value>
         <object_component_ref idref="oc-dd"/>
      </symbol>
      <symbol id="sm-790">
         <name>__TI_INITARRAY_Base</name>
         <value>0x0</value>
      </symbol>
      <symbol id="sm-791">
         <name>__TI_INITARRAY_Limit</name>
         <value>0x0</value>
      </symbol>
   </symbol_table>
   <title>Link successful</title>
</link_info>
